V3 3
FL "H:/3. CUC/0. Docencia/1. S. Embebidos II/2. Programas/104.BIN8toBCD/BIN8toBCD/BIN8toBCD.vhd" 2014/11/02.11:39:56 P.28xd
EN work/BIN8toBCD 1414946397 \
      FL "H:/3. CUC/0. Docencia/1. S. Embebidos II/2. Programas/104.BIN8toBCD/BIN8toBCD/BIN8toBCD.vhd" \
      PB ieee/std_logic_1164 1341906176 PB ieee/std_logic_arith 1341906177 \
      PB ieee/STD_LOGIC_UNSIGNED 1341906179
AR work/BIN8toBCD/Behavioral 1414946398 \
      FL "H:/3. CUC/0. Docencia/1. S. Embebidos II/2. Programas/104.BIN8toBCD/BIN8toBCD/BIN8toBCD.vhd" \
      EN work/BIN8toBCD 1414946397
