--------------------------------------------------------------------------------
Release 14.2 Trace  (nt64)
Copyright (c) 1995-2012 Xilinx, Inc.  All rights reserved.

C:\Xilinx\14.2\ISE_DS\ISE\bin\nt64\unwrapped\trce.exe -intstyle ise -v 3 -s 5
-n 3 -fastpaths -xml BCDto7SEG.twx BCDto7SEG.ncd -o BCDto7SEG.twr BCDto7SEG.pcf
-ucf pinout.ucf

Design file:              BCDto7SEG.ncd
Physical constraint file: BCDto7SEG.pcf
Device,package,speed:     xc3s100e,cp132,-5 (PRODUCTION 1.27 2012-07-09)
Report level:             verbose report

Environment Variable      Effect 
--------------------      ------ 
NONE                      No environment variables were set
--------------------------------------------------------------------------------

INFO:Timing:2698 - No timing constraints found, doing default enumeration.
INFO:Timing:3412 - To improve timing, see the Timing Closure User Guide (UG612).
INFO:Timing:2752 - To get complete path coverage, use the unconstrained paths 
   option. All paths that are not constrained will be reported in the 
   unconstrained paths section(s) of the report.
INFO:Timing:3339 - The clock-to-out numbers in this timing report are based on 
   a 50 Ohm transmission line loading model.  For the details of this model, 
   and for more information on accounting for different loading conditions, 
   please see the device datasheet.
INFO:Timing:3390 - This architecture does not support a default System Jitter 
   value, please add SYSTEM_JITTER constraint to the UCF to modify the Clock 
   Uncertainty calculation.
INFO:Timing:3389 - This architecture does not support 'Discrete Jitter' and 
   'Phase Error' calculations, these terms will be zero in the Clock 
   Uncertainty calculation.  Please make appropriate modification to 
   SYSTEM_JITTER to account for the unsupported Discrete Jitter and Phase 
   Error.



Data Sheet report:
-----------------
All values displayed in nanoseconds (ns)

Pad to Pad
---------------+---------------+---------+
Source Pad     |Destination Pad|  Delay  |
---------------+---------------+---------+
BCD<0>         |SEG<0>         |    7.261|
BCD<0>         |SEG<1>         |    7.525|
BCD<0>         |SEG<2>         |    7.517|
BCD<0>         |SEG<3>         |    7.163|
BCD<0>         |SEG<4>         |    6.936|
BCD<0>         |SEG<5>         |    7.148|
BCD<0>         |SEG<6>         |    6.962|
BCD<1>         |SEG<0>         |    8.247|
BCD<1>         |SEG<1>         |    8.116|
BCD<1>         |SEG<2>         |    8.103|
BCD<1>         |SEG<3>         |    8.205|
BCD<1>         |SEG<4>         |    7.970|
BCD<1>         |SEG<5>         |    8.238|
BCD<1>         |SEG<6>         |    7.996|
BCD<2>         |SEG<0>         |    8.014|
BCD<2>         |SEG<1>         |    7.788|
BCD<2>         |SEG<2>         |    7.809|
BCD<2>         |SEG<3>         |    7.922|
BCD<2>         |SEG<4>         |    7.832|
BCD<2>         |SEG<5>         |    8.066|
BCD<2>         |SEG<6>         |    7.858|
BCD<3>         |SEG<0>         |    7.835|
BCD<3>         |SEG<1>         |    8.748|
BCD<3>         |SEG<2>         |    8.791|
BCD<3>         |SEG<3>         |    7.770|
BCD<3>         |SEG<4>         |    7.691|
BCD<3>         |SEG<5>         |    7.954|
BCD<3>         |SEG<6>         |    7.717|
---------------+---------------+---------+


Analysis completed Thu Sep 03 18:52:44 2015 
--------------------------------------------------------------------------------

Trace Settings:
-------------------------
Trace Settings 

Peak Memory Usage: 149 MB



