V3 3
FL E:/SEII/201.7SEG_Equals/Seg_Equals/Seg_Equals.vhd 2014/10/16.11:52:02 P.28xd
EN work/Seg_Equals 1413474784 \
      FL E:/SEII/201.7SEG_Equals/Seg_Equals/Seg_Equals.vhd PB ieee/std_logic_1164 1341906176
AR work/Seg_Equals/Behavioral 1413474785 \
      FL E:/SEII/201.7SEG_Equals/Seg_Equals/Seg_Equals.vhd EN work/Seg_Equals 1413474784
