V3 3
FL "H:/3. CUC/0. Docencia/1. S. Embebidos II/2. Programas/101.InitialTest/InitialTest/InitialTest.vhd" 2014/11/02.10:33:10 P.28xd
EN work/InitialTest 1414942393 \
      FL "H:/3. CUC/0. Docencia/1. S. Embebidos II/2. Programas/101.InitialTest/InitialTest/InitialTest.vhd" \
      PB ieee/std_logic_1164 1341906176
AR work/InitialTest/Behavioral 1414942394 \
      FL "H:/3. CUC/0. Docencia/1. S. Embebidos II/2. Programas/101.InitialTest/InitialTest/InitialTest.vhd" \
      EN work/InitialTest 1414942393
