V3 3
FL "H:/3. CUC/0. Docencia/1. S. Embebidos II/2. Programas/102.BCDto7SEG/BCDto7SEG/BCDto7SEG.vhd" 2014/11/02.10:59:26 P.28xd
EN work/BCDto7SEG 1441324315 \
      FL "H:/3. CUC/0. Docencia/1. S. Embebidos II/2. Programas/102.BCDto7SEG/BCDto7SEG/BCDto7SEG.vhd" \
      PB ieee/std_logic_1164 1341906176
AR work/BCDto7SEG/BCDto7SEGbehavioral 1441324316 \
      FL "H:/3. CUC/0. Docencia/1. S. Embebidos II/2. Programas/102.BCDto7SEG/BCDto7SEG/BCDto7SEG.vhd" \
      EN work/BCDto7SEG 1441324315
